Component: Arm Compiler for Embedded 6.18 Tool: armlink [5e4cc100]

==============================================================================

Section Cross References

    startup.o(RESET) refers to startup.o(STACK) for __initial_sp
    startup.o(RESET) refers to startup.o(.text) for Reset_Handler
    startup.o(.text) refers to startup.o(HEAP) for Calories_Ordered


==============================================================================

Image Symbol Table

    Local Symbols

    Symbol Name                              Value     Ov Type        Size  Object(Section)

    startup.s                                0x00000000   Number         0  startup.o ABSOLUTE
    RESET                                    0x00000000   Section      204  startup.o(RESET)
    .text                                    0x000000d0   Section      544  startup.o(.text)
    Ingredient_Calories                      0x00000260   Data          40  startup.o(.text)
    Ingredient_Qty                           0x00000290   Data          36  startup.o(.text)
    .ARM.__at_0x02FC                         0x000002fc   Section        4  startup.o(.ARM.__at_0x02FC)
    Calories_Ordered                         0x10000000   Data          24  startup.o(HEAP)
    HEAP                                     0x10000000   Section      144  startup.o(HEAP)
    Qty_Ordered                              0x10000018   Data          24  startup.o(HEAP)
    TMP_1                                    0x10000030   Data          48  startup.o(HEAP)
    TMP_2                                    0x10000060   Data          48  startup.o(HEAP)
    STACK                                    0x10000090   Section      512  startup.o(STACK)

    Global Symbols

    Symbol Name                              Value     Ov Type        Size  Object(Section)

    BuildAttributes$$THM_ISAv4$P$D$K$B$S$PE$A:L22UL41UL21$X:L11$S22US41US21$IEEE1$~IW$USESV6$~STKCKD$USESV7$~SHL$OSPACE$EBA8$STANDARDLIB$PRES8$EABIv2 0x00000000   Number         0  anon$$obj.o ABSOLUTE
    __Vectors                                0x00000000   Data           4  startup.o(RESET)
    Reset_Handler                            0x000000d1   Thumb Code   496  startup.o(.text)
    NMI_Handler                              0x000002c1   Thumb Code     2  startup.o(.text)
    HardFault_Handler                        0x000002c3   Thumb Code     2  startup.o(.text)
    MemManage_Handler                        0x000002c5   Thumb Code     2  startup.o(.text)
    BusFault_Handler                         0x000002c7   Thumb Code     2  startup.o(.text)
    UsageFault_Handler                       0x000002c9   Thumb Code     2  startup.o(.text)
    SVC_Handler                              0x000002cb   Thumb Code     2  startup.o(.text)
    DebugMon_Handler                         0x000002cd   Thumb Code     2  startup.o(.text)
    PendSV_Handler                           0x000002cf   Thumb Code     2  startup.o(.text)
    SysTick_Handler                          0x000002d1   Thumb Code     2  startup.o(.text)
    ADC_IRQHandler                           0x000002d3   Thumb Code     0  startup.o(.text)
    BOD_IRQHandler                           0x000002d3   Thumb Code     0  startup.o(.text)
    CANActivity_IRQHandler                   0x000002d3   Thumb Code     0  startup.o(.text)
    CAN_IRQHandler                           0x000002d3   Thumb Code     0  startup.o(.text)
    DMA_IRQHandler                           0x000002d3   Thumb Code     0  startup.o(.text)
    EINT0_IRQHandler                         0x000002d3   Thumb Code     0  startup.o(.text)
    EINT1_IRQHandler                         0x000002d3   Thumb Code     0  startup.o(.text)
    EINT2_IRQHandler                         0x000002d3   Thumb Code     0  startup.o(.text)
    EINT3_IRQHandler                         0x000002d3   Thumb Code     0  startup.o(.text)
    ENET_IRQHandler                          0x000002d3   Thumb Code     0  startup.o(.text)
    I2C0_IRQHandler                          0x000002d3   Thumb Code     0  startup.o(.text)
    I2C1_IRQHandler                          0x000002d3   Thumb Code     0  startup.o(.text)
    I2C2_IRQHandler                          0x000002d3   Thumb Code     0  startup.o(.text)
    I2S_IRQHandler                           0x000002d3   Thumb Code     0  startup.o(.text)
    MCPWM_IRQHandler                         0x000002d3   Thumb Code     0  startup.o(.text)
    PLL0_IRQHandler                          0x000002d3   Thumb Code     0  startup.o(.text)
    PLL1_IRQHandler                          0x000002d3   Thumb Code     0  startup.o(.text)
    PWM1_IRQHandler                          0x000002d3   Thumb Code     0  startup.o(.text)
    QEI_IRQHandler                           0x000002d3   Thumb Code     0  startup.o(.text)
    RIT_IRQHandler                           0x000002d3   Thumb Code     0  startup.o(.text)
    RTC_IRQHandler                           0x000002d3   Thumb Code     0  startup.o(.text)
    SPI_IRQHandler                           0x000002d3   Thumb Code     0  startup.o(.text)
    SSP0_IRQHandler                          0x000002d3   Thumb Code     0  startup.o(.text)
    SSP1_IRQHandler                          0x000002d3   Thumb Code     0  startup.o(.text)
    TIMER0_IRQHandler                        0x000002d3   Thumb Code     0  startup.o(.text)
    TIMER1_IRQHandler                        0x000002d3   Thumb Code     0  startup.o(.text)
    TIMER2_IRQHandler                        0x000002d3   Thumb Code     0  startup.o(.text)
    TIMER3_IRQHandler                        0x000002d3   Thumb Code     0  startup.o(.text)
    UART0_IRQHandler                         0x000002d3   Thumb Code     0  startup.o(.text)
    UART1_IRQHandler                         0x000002d3   Thumb Code     0  startup.o(.text)
    UART2_IRQHandler                         0x000002d3   Thumb Code     0  startup.o(.text)
    UART3_IRQHandler                         0x000002d3   Thumb Code     0  startup.o(.text)
    USBActivity_IRQHandler                   0x000002d3   Thumb Code     0  startup.o(.text)
    USB_IRQHandler                           0x000002d3   Thumb Code     0  startup.o(.text)
    WDT_IRQHandler                           0x000002d3   Thumb Code     0  startup.o(.text)
    __heap_base                              0x10000000   Data           0  startup.o(HEAP)
    __heap_limit                             0x10000090   Data           0  startup.o(HEAP)
    __initial_sp                             0x10000290   Data           0  startup.o(STACK)



==============================================================================

Memory Map of the image

  Image Entry point : 0x000000d1

  Load Region LR_1 (Base: 0x00000000, Size: 0x00000300, Max: 0xffffffff, ABSOLUTE)

    Execution Region ER_RO (Exec base: 0x00000000, Load base: 0x00000000, Size: 0x00000300, Max: 0xffffffff, ABSOLUTE)

    Exec Addr    Load Addr    Size         Type   Attr      Idx    E Section Name        Object

    0x00000000   0x00000000   0x000000cc   Data   RO            3    RESET               startup.o
    0x000000cc   0x000000cc   0x00000004   PAD
    0x000000d0   0x000000d0   0x00000220   Code   RO            5  * .text               startup.o
    0x000002f0   0x000002f0   0x0000000c   PAD
    0x000002fc   0x000002fc   0x00000004   Code   RO            4    .ARM.__at_0x02FC    startup.o


    Execution Region ER_RW (Exec base: 0x10000000, Load base: 0x00000300, Size: 0x00000000, Max: 0xffffffff, ABSOLUTE)

    **** No section assigned to this execution region ****


    Execution Region ER_ZI (Exec base: 0x10000000, Load base: 0x00000300, Size: 0x00000290, Max: 0xffffffff, ABSOLUTE)

    Exec Addr    Load Addr    Size         Type   Attr      Idx    E Section Name        Object

    0x10000000        -       0x00000090   Zero   RW            2    HEAP                startup.o
    0x10000090        -       0x00000200   Zero   RW            1    STACK               startup.o


==============================================================================

Image component sizes


      Code (inc. data)   RO Data    RW Data    ZI Data      Debug   Object Name

       548        130        204          0        656       1176   startup.o

    ----------------------------------------------------------------------
       560        142        208          0        656       1176   Object Totals
         0          0          0          0          0          0   (incl. Generated)
        12         12          4          0          0          0   (incl. Padding)

    ----------------------------------------------------------------------
         0          0          0          0          0          0   Library Totals
         0          0          0          0          0          0   (incl. Padding)

    ----------------------------------------------------------------------

==============================================================================


      Code (inc. data)   RO Data    RW Data    ZI Data      Debug   

       560        142        208          0        656       1176   Grand Totals
       560        142        208          0        656       1176   ELF Image Totals
       560        142        208          0          0          0   ROM Totals

==============================================================================

    Total RO  Size (Code + RO Data)                  768 (   0.75kB)
    Total RW  Size (RW Data + ZI Data)               656 (   0.64kB)
    Total ROM Size (Code + RO Data + RW Data)        768 (   0.75kB)

==============================================================================

