<html>
<body>
<pre>
<h1>µVision Build Log</h1>
<h2>Tool Versions:</h2>
IDE-Version: µVision V5.38.0.0
Copyright (C) 2022 ARM Ltd and ARM Germany GmbH. All rights reserved.
License Information: Gabriel Youbissi Kamdem, Politecnic of Turin, LIC=----
 
Tool Versions:
Toolchain:       MDK-Lite  Version: 5.38.0.0
Toolchain Path:  C:\Keil_v5\ARM\ARM_Compiler_5.06u7\Bin
C Compiler:      Armcc.exe V5.03 [Build 24]
Assembler:       Armasm.exe V5.03.0.24 [Evaluation]
Linker/Locator:  ArmLink.exe V5.03.0.24 [Evaluation]
Library Manager: ArmAr.exe V5.03.0.24 [Evaluation]
Hex Converter:   FromElf.exe V5.03.0.24 [Evaluation]
CPU DLL:         SARMCM3.DLL V5.38.0.0
Dialog DLL:      DARMP1.DLL V1.28.1.0
Target DLL:      UL2CM3.DLL V1.164.8.0
Dialog DLL:      TARMP1.DLL V1.27.1.0
 
<h2>Project:</h2>
C:\Users\youbi\Desktop\Process\Polito\Laurea-Magistrale\System_Architecture\prepa-exam\exam_preparation\19-06-19\19-06-19\sample.uvprojx
Project File Date:  02/12/2023

<h2>Output:</h2>
*** Using Compiler 'V5.03 [Build 24]', folder: 'C:\Keil_v5\ARM\ARM_Compiler_5.06u7\Bin'
Rebuild target 'Target 1'
assembling startup_LPC17xx.s...
compiling core_cm3.c...
compiling sample.c...
compiling system_LPC17xx.c...
compiling funct_led.c...
compiling lib_led.c...
compiling IRQ_button.c...
assembling ASM_DATA.s...
assembling ASM_functions.s...
compiling lib_button.c...
compiling IRQ_RIT.c...
RIT\IRQ_RIT.c(187): warning:  #167-D: argument of type "volatile int *" is incompatible with parameter of type "int *"
  				res=find_best_3(DATA_IN, N, BEST_3);
RIT\IRQ_RIT.c(55): warning:  #550-D: variable "res" was set but never used
  	int res;
RIT\IRQ_RIT.c: 2 warnings, 0 errors
compiling IRQ_timer.c...
compiling lib_RIT.c...
compiling lib_timer.c...
compiling funct_joystick.c...
compiling lib_joystick.c...
linking...
Program Size: Code=3940 RO-data=284 RW-data=60 ZI-data=860  
".\sample.axf" - 0 Error(s), 2 Warning(s).

<h2>Software Packages used:</h2>

Package Vendor: ARM
                http://www.keil.com/pack/ARM.CMSIS.5.9.0.pack
                ARM.CMSIS.5.9.0
                CMSIS (Common Microcontroller Software Interface Standard)
   * Component: CORE Version: 5.6.0

Package Vendor: Keil
                http://www.keil.com/pack/Keil.LPC1700_DFP.2.7.1.pack
                Keil.LPC1700_DFP.2.7.1
                NXP LPC1700 Series Device Support, Drivers and Examples for MCB1700 and LPC1788-32

<h2>Collection of Component include folders:</h2>
  ./RTE/_Target_1
  C:/Users/youbi/AppData/Local/Arm/Packs/ARM/CMSIS/5.9.0/CMSIS/Core/Include
  C:/Users/youbi/AppData/Local/Arm/Packs/Keil/LPC1700_DFP/2.7.1/Device/Include

<h2>Collection of Component Files used:</h2>

   * Component: ARM::CMSIS:CORE:5.6.0
Build Time Elapsed:  00:00:02
</pre>
</body>
</html>
