


ARM Macro Assembler    Page 1 


    1 00000000         
    2 00000000         
    3 00000000                 AREA             ASM_data, DATA, READONLY,  ALIG
N=2
    4 00000000         
    5 00000000         
    6 00000000                 EXPORT           _Matrix_Coordinates
    7 00000000                 EXPORT           _ROWS
    8 00000000                 EXPORT           _COLUMNS
    9 00000000         
   10 00000000 FFFFFFFB 
              00000005 
              FFFFFFFC 
              00000005 
              FFFFFFFD 
              00000005 
              FFFFFFFE 
              00000005 
              FFFFFFFF 
              00000005 
              00000000 
              00000005 
              00000001 
              00000005 
              00000002 
              00000005 
              00000003 
              00000005 
              00000004 
              00000005 
              00000005 
              00000005 _Matrix_Coordinates
                               DCD              -5,5,-4,5,-3,5,-2,5,-1,5,0,5,1,
5,2,5,3,5,4,5,5,5
   11 00000058 FFFFFFFB 
              00000004 
              FFFFFFFC 
              00000004 
              FFFFFFFD 
              00000004 
              FFFFFFFE 
              00000004 
              FFFFFFFF 
              00000004 
              00000000 
              00000004 
              00000001 
              00000004 
              00000002 
              00000004 
              00000003 
              00000004 
              00000004 
              00000004 
              00000005 
              00000004         DCD              -5,4,-4,4,-3,4,-2,4,-1,4,0,4,1,
4,2,4,3,4,4,4,5,4
   12 000000B0 FFFFFFFB 
              00000003 



ARM Macro Assembler    Page 2 


              FFFFFFFC 
              00000003 
              FFFFFFFD 
              00000003 
              FFFFFFFE 
              00000003 
              FFFFFFFF 
              00000003 
              00000000 
              00000003 
              00000001 
              00000003 
              00000002 
              00000003 
              00000003 
              00000003 
              00000004 
              00000003 
              00000005 
              00000003         DCD              -5,3,-4,3,-3,3,-2,3,-1,3,0,3,1,
3,2,3,3,3,4,3,5,3
   13 00000108 FFFFFFFB 
              00000002 
              FFFFFFFC 
              00000002 
              FFFFFFFD 
              00000002 
              FFFFFFFE 
              00000002 
              FFFFFFFF 
              00000002 
              00000000 
              00000002 
              00000001 
              00000002 
              00000002 
              00000002 
              00000003 
              00000002 
              00000004 
              00000002 
              00000005 
              00000002         DCD              -5,2,-4,2,-3,2,-2,2,-1,2,0,2,1,
2,2,2,3,2,4,2,5,2
   14 00000160 FFFFFFFB 
              00000001 
              FFFFFFFC 
              00000001 
              FFFFFFFD 
              00000001 
              FFFFFFFE 
              00000001 
              FFFFFFFF 
              00000001 
              00000000 
              00000001 
              00000001 
              00000001 
              00000002 



ARM Macro Assembler    Page 3 


              00000001 
              00000003 
              00000001 
              00000004 
              00000001 
              00000005 
              00000001         DCD              -5,1,-4,1,-3,1,-2,1,-1,1,0,1,1,
1,2,1,3,1,4,1,5,1
   15 000001B8 FFFFFFFB 
              00000000 
              FFFFFFFC 
              00000000 
              FFFFFFFD 
              00000000 
              FFFFFFFE 
              00000000 
              FFFFFFFF 
              00000000 
              00000000 
              00000000 
              00000001 
              00000000 
              00000002 
              00000000 
              00000003 
              00000000 
              00000004 
              00000000 
              00000005 
              00000000         DCD              -5,0,-4,0,-3,0,-2,0,-1,0,0,0,1,
0,2,0,3,0,4,0,5,0
   16 00000210 FFFFFFFB 
              FFFFFFFF 
              FFFFFFFC 
              FFFFFFFF 
              FFFFFFFD 
              FFFFFFFF 
              FFFFFFFE 
              FFFFFFFF 
              00000001 
              FFFFFFFF 
              00000000 
              FFFFFFFF 
              00000001 
              FFFFFFFF 
              00000002 
              FFFFFFFF 
              00000003 
              FFFFFFFF 
              00000004 
              FFFFFFFF 
              00000005 
              FFFFFFFF         DCD              -5,-1,-4,-1,-3,-1,-2,-1, 1,-1 ,
0,-1,1,-1,2,-1,3,-1,4,-1,5,-1
   17 00000268 FFFFFFFB 
              FFFFFFFE 
              FFFFFFFC 
              FFFFFFFE 
              FFFFFFFD 



ARM Macro Assembler    Page 4 


              FFFFFFFE 
              FFFFFFFE 
              FFFFFFFE 
              FFFFFFFF 
              FFFFFFFE 
              00000000 
              FFFFFFFE 
              00000001 
              FFFFFFFE 
              00000002 
              FFFFFFFE 
              00000003 
              FFFFFFFE 
              00000004 
              FFFFFFFE 
              00000005 
              FFFFFFFE         DCD              -5,-2,-4,-2,-3,-2,-2,-2,-1,-2,0
,-2,1,-2,2,-2,3,-2,4,-2,5,-2
   18 000002C0 FFFFFFFB 
              FFFFFFFD 
              FFFFFFFC 
              FFFFFFFD 
              FFFFFFFD 
              FFFFFFFD 
              FFFFFFFE 
              FFFFFFFD 
              FFFFFFFF 
              FFFFFFFD 
              00000000 
              FFFFFFFD 
              00000001 
              FFFFFFFD 
              00000002 
              FFFFFFFD 
              00000003 
              FFFFFFFD 
              00000004 
              FFFFFFFD 
              00000005 
              FFFFFFFD         DCD              -5,-3,-4,-3,-3,-3,-2,-3,-1,-3,0
,-3,1,-3,2,-3,3,-3,4,-3,5,-3
   19 00000318 FFFFFFFB 
              FFFFFFFC 
              FFFFFFFC 
              FFFFFFFC 
              FFFFFFFD 
              FFFFFFFC 
              FFFFFFFE 
              FFFFFFFC 
              FFFFFFFF 
              FFFFFFFC 
              00000000 
              FFFFFFFC 
              00000001 
              FFFFFFFC 
              00000002 
              FFFFFFFC 
              00000003 
              FFFFFFFC 



ARM Macro Assembler    Page 5 


              00000004 
              FFFFFFFC 
              00000005 
              FFFFFFFC         DCD              -5,-4,-4,-4,-3,-4,-2,-4,-1,-4,0
,-4,1,-4,2,-4,3,-4,4,-4,5,-4
   20 00000370 FFFFFFFB 
              FFFFFFFB 
              FFFFFFFC 
              FFFFFFFB 
              FFFFFFFD 
              FFFFFFFB 
              FFFFFFFE 
              FFFFFFFB 
              FFFFFFFF 
              FFFFFFFB 
              00000000 
              FFFFFFFB 
              00000001 
              FFFFFFFB 
              00000002 
              FFFFFFFB 
              00000003 
              FFFFFFFB 
              00000004 
              FFFFFFFB 
              00000005 
              FFFFFFFB         DCD              -5,-5,-4,-5,-3,-5,-2,-5,-1,-5,0
,-5,1,-5,2,-5,3,-5,4,-5,5,-5
   21 000003C8         
   22 000003C8 0B      _ROWS   DCB              11
   23 000003C9         
   24 000003C9 16      _COLUMNS
                               DCB              22
   25 000003CA         
   26 000003CA         
   27 000003CA         
   28 000003CA                 END
Command Line: --debug --xref --cpu=Cortex-M3 --depend=.\asm_data.d -o.\asm_data
.o -I"C:\users\youbissi\Local Settings\Application Data\Arm\Packs\Keil\LPC1700_
DFP\2.7.1\Device\Include" -IC:\Keil_v5\ARM\CMSIS\Include --predefine="__EVAL SE
TA 1" --predefine="__UVISION_VERSION SETA 537" --predefine="LPC175x_6x SETA 1" 
--list=.\asm_data.lst ASM_data.s



ARM Macro Assembler    Page 1 Alphabetic symbol ordering
Relocatable symbols

ASM_data 00000000

Symbol: ASM_data
   Definitions
      At line 3 in file ASM_data.s
   Uses
      None
Comment: ASM_data unused
_COLUMNS 000003C9

Symbol: _COLUMNS
   Definitions
      At line 24 in file ASM_data.s
   Uses
      At line 8 in file ASM_data.s
Comment: _COLUMNS used once
_Matrix_Coordinates 00000000

Symbol: _Matrix_Coordinates
   Definitions
      At line 10 in file ASM_data.s
   Uses
      At line 6 in file ASM_data.s
Comment: _Matrix_Coordinates used once
_ROWS 000003C8

Symbol: _ROWS
   Definitions
      At line 22 in file ASM_data.s
   Uses
      At line 7 in file ASM_data.s
Comment: _ROWS used once
4 symbols
337 symbols in table
